# command-line-arguments
./escape_level.go:25:2: p1 escapes to heap:
./escape_level.go:25:2:   flow: p2 = &p1:
./escape_level.go:25:2:     from &p1 (address-of) at ./escape_level.go:26:8
./escape_level.go:25:2:     from p2 := &p1 (assign) at ./escape_level.go:26:5
./escape_level.go:25:2:   flow: {heap} = p2:
./escape_level.go:25:2:     from p2 (interface-converted) at ./escape_level.go:27:9
./escape_level.go:25:2:     from sink = p2 (assign) at ./escape_level.go:27:7
my global ref escape count 1
./escape_level.go:24:2: p0 escapes to heap:
./escape_level.go:24:2:   flow: p1 = &p0:
./escape_level.go:24:2:     from &p0 (address-of) at ./escape_level.go:25:8
./escape_level.go:24:2:     from p1 := &p0 (assign) at ./escape_level.go:25:5
my global ref escape count 2
./escape_level.go:23:2: i escapes to heap:
./escape_level.go:23:2:   flow: p0 = &i:
./escape_level.go:23:2:     from &i (address-of) at ./escape_level.go:24:8
./escape_level.go:23:2:     from p0 := &i (assign) at ./escape_level.go:24:5
my global ref escape count 3
./escape_level.go:23:2: moved to heap: i
./escape_level.go:24:2: moved to heap: p0
./escape_level.go:25:2: moved to heap: p1
./escape_level.go:32:2: p0 escapes to heap:
./escape_level.go:32:2:   flow: p1 = &p0:
./escape_level.go:32:2:     from &p0 (address-of) at ./escape_level.go:33:8
./escape_level.go:32:2:     from p1 := &p0 (assign) at ./escape_level.go:33:5
./escape_level.go:32:2:   flow: p2 = &p1:
./escape_level.go:32:2:     from &p1 (address-of) at ./escape_level.go:34:8
./escape_level.go:32:2:     from p2 := &p1 (assign) at ./escape_level.go:34:5
./escape_level.go:32:2:   flow: {heap} = *p2:
./escape_level.go:32:2:     from *p2 (indirection) at ./escape_level.go:35:9
./escape_level.go:32:2:     from *p2 (interface-converted) at ./escape_level.go:35:9
./escape_level.go:32:2:     from sink = *p2 (assign) at ./escape_level.go:35:7
my global ref escape count 4
./escape_level.go:31:2: i escapes to heap:
./escape_level.go:31:2:   flow: p0 = &i:
./escape_level.go:31:2:     from &i (address-of) at ./escape_level.go:32:8
./escape_level.go:31:2:     from p0 := &i (assign) at ./escape_level.go:32:5
my global ref escape count 5
./escape_level.go:31:2: moved to heap: i
./escape_level.go:32:2: moved to heap: p0
./escape_level.go:39:2: i escapes to heap:
./escape_level.go:39:2:   flow: p0 = &i:
./escape_level.go:39:2:     from &i (address-of) at ./escape_level.go:40:8
./escape_level.go:39:2:     from p0 := &i (assign) at ./escape_level.go:40:5
./escape_level.go:39:2:   flow: p1 = &p0:
./escape_level.go:39:2:     from &p0 (address-of) at ./escape_level.go:41:8
./escape_level.go:39:2:     from p1 := &p0 (assign) at ./escape_level.go:41:5
./escape_level.go:39:2:   flow: p2 = &p1:
./escape_level.go:39:2:     from &p1 (address-of) at ./escape_level.go:42:8
./escape_level.go:39:2:     from p2 := &p1 (assign) at ./escape_level.go:42:5
./escape_level.go:39:2:   flow: {heap} = **p2:
./escape_level.go:39:2:     from *p2 (indirection) at ./escape_level.go:43:10
./escape_level.go:39:2:     from *(*p2) (indirection) at ./escape_level.go:43:9
./escape_level.go:39:2:     from *(*p2) (interface-converted) at ./escape_level.go:43:9
./escape_level.go:39:2:     from sink = *(*p2) (assign) at ./escape_level.go:43:7
my global ref escape count 6
./escape_level.go:39:2: moved to heap: i
./escape_level.go:50:2: p2 escapes to heap:
./escape_level.go:50:2:   flow: {heap} = &p2:
./escape_level.go:50:2:     from &p2 (address-of) at ./escape_level.go:51:9
./escape_level.go:50:2:     from &p2 (interface-converted) at ./escape_level.go:51:9
./escape_level.go:50:2:     from sink = &p2 (assign) at ./escape_level.go:51:7
my global ref escape count 7
./escape_level.go:48:2: p0 escapes to heap:
./escape_level.go:48:2:   flow: p1 = &p0:
./escape_level.go:48:2:     from &p0 (address-of) at ./escape_level.go:49:8
./escape_level.go:48:2:     from p1 := &p0 (assign) at ./escape_level.go:49:5
./escape_level.go:48:2:   flow: p2 = p1:
./escape_level.go:48:2:     from p2 := p1 (assign) at ./escape_level.go:50:5
my global ref escape count 8
./escape_level.go:47:2: i escapes to heap:
./escape_level.go:47:2:   flow: p0 = &i:
./escape_level.go:47:2:     from &i (address-of) at ./escape_level.go:48:8
./escape_level.go:47:2:     from p0 := &i (assign) at ./escape_level.go:48:5
my global ref escape count 9
./escape_level.go:47:2: moved to heap: i
./escape_level.go:48:2: moved to heap: p0
./escape_level.go:50:2: moved to heap: p2
./escape_level.go:56:2: p0 escapes to heap:
./escape_level.go:56:2:   flow: p1 = &p0:
./escape_level.go:56:2:     from &p0 (address-of) at ./escape_level.go:57:8
./escape_level.go:56:2:     from p1 := &p0 (assign) at ./escape_level.go:57:5
./escape_level.go:56:2:   flow: p2 = p1:
./escape_level.go:56:2:     from p2 := p1 (assign) at ./escape_level.go:58:5
./escape_level.go:56:2:   flow: {heap} = p2:
./escape_level.go:56:2:     from p2 (interface-converted) at ./escape_level.go:59:9
./escape_level.go:56:2:     from sink = p2 (assign) at ./escape_level.go:59:7
my global ref escape count 10
./escape_level.go:55:2: i escapes to heap:
./escape_level.go:55:2:   flow: p0 = &i:
./escape_level.go:55:2:     from &i (address-of) at ./escape_level.go:56:8
./escape_level.go:55:2:     from p0 := &i (assign) at ./escape_level.go:56:5
my global ref escape count 11
./escape_level.go:55:2: moved to heap: i
./escape_level.go:56:2: moved to heap: p0
./escape_level.go:63:2: i escapes to heap:
./escape_level.go:63:2:   flow: p0 = &i:
./escape_level.go:63:2:     from &i (address-of) at ./escape_level.go:64:8
./escape_level.go:63:2:     from p0 := &i (assign) at ./escape_level.go:64:5
./escape_level.go:63:2:   flow: p1 = &p0:
./escape_level.go:63:2:     from &p0 (address-of) at ./escape_level.go:65:8
./escape_level.go:63:2:     from p1 := &p0 (assign) at ./escape_level.go:65:5
./escape_level.go:63:2:   flow: p2 = p1:
./escape_level.go:63:2:     from p2 := p1 (assign) at ./escape_level.go:66:5
./escape_level.go:63:2:   flow: {heap} = *p2:
./escape_level.go:63:2:     from *p2 (indirection) at ./escape_level.go:67:9
./escape_level.go:63:2:     from *p2 (interface-converted) at ./escape_level.go:67:9
./escape_level.go:63:2:     from sink = *p2 (assign) at ./escape_level.go:67:7
my global ref escape count 12
./escape_level.go:63:2: moved to heap: i
./escape_level.go:75:2: p2 escapes to heap:
./escape_level.go:75:2:   flow: {heap} = &p2:
./escape_level.go:75:2:     from &p2 (address-of) at ./escape_level.go:76:9
./escape_level.go:75:2:     from &p2 (interface-converted) at ./escape_level.go:76:9
./escape_level.go:75:2:     from sink = &p2 (assign) at ./escape_level.go:76:7
my global ref escape count 13
./escape_level.go:71:2: i escapes to heap:
./escape_level.go:71:2:   flow: p0 = &i:
./escape_level.go:71:2:     from &i (address-of) at ./escape_level.go:72:8
./escape_level.go:71:2:     from p0 := &i (assign) at ./escape_level.go:72:5
./escape_level.go:71:2:   flow: p1 = &p0:
./escape_level.go:71:2:     from &p0 (address-of) at ./escape_level.go:73:8
./escape_level.go:71:2:     from p1 := &p0 (assign) at ./escape_level.go:73:5
./escape_level.go:71:2:   flow: p2 = *p1:
./escape_level.go:71:2:     from *p1 (indirection) at ./escape_level.go:75:8
./escape_level.go:71:2:     from p2 := *p1 (assign) at ./escape_level.go:75:5
my global ref escape count 14
./escape_level.go:71:2: moved to heap: i
./escape_level.go:75:2: moved to heap: p2
./escape_level.go:80:2: i escapes to heap:
./escape_level.go:80:2:   flow: p0 = &i:
./escape_level.go:80:2:     from &i (address-of) at ./escape_level.go:81:8
./escape_level.go:80:2:     from p0 := &i (assign) at ./escape_level.go:81:5
./escape_level.go:80:2:   flow: p1 = &p0:
./escape_level.go:80:2:     from &p0 (address-of) at ./escape_level.go:82:8
./escape_level.go:80:2:     from p1 := &p0 (assign) at ./escape_level.go:82:5
./escape_level.go:80:2:   flow: p2 = *p1:
./escape_level.go:80:2:     from *p1 (indirection) at ./escape_level.go:83:8
./escape_level.go:80:2:     from p2 := *p1 (assign) at ./escape_level.go:83:5
./escape_level.go:80:2:   flow: {heap} = p2:
./escape_level.go:80:2:     from p2 (interface-converted) at ./escape_level.go:84:9
./escape_level.go:80:2:     from sink = p2 (assign) at ./escape_level.go:84:7
my global ref escape count 15
./escape_level.go:80:2: moved to heap: i
./escape_level.go:92:9: *p2 escapes to heap:
./escape_level.go:92:9:   flow: {heap} = &{storage for *p2}:
./escape_level.go:92:9:     from *p2 (spill) at ./escape_level.go:92:9
./escape_level.go:92:9:     from sink = *p2 (assign) at ./escape_level.go:92:7
my global ref escape count 16
./escape_level.go:92:9: *p2 escapes to heap
./escape_level.go:100:9: *p2 escapes to heap:
./escape_level.go:100:9:   flow: {heap} = &{storage for *p2}:
./escape_level.go:100:9:     from *p2 (spill) at ./escape_level.go:100:9
./escape_level.go:100:9:     from sink = *p2 (assign) at ./escape_level.go:100:7
my global ref escape count 17
./escape_level.go:100:9: *p2 escapes to heap
./escape_level.go:107:2: p2 escapes to heap:
./escape_level.go:107:2:   flow: {heap} = &p2:
./escape_level.go:107:2:     from &p2 (address-of) at ./escape_level.go:108:9
./escape_level.go:107:2:     from &p2 (interface-converted) at ./escape_level.go:108:9
./escape_level.go:107:2:     from sink = &p2 (assign) at ./escape_level.go:108:7
my global ref escape count 18
./escape_level.go:107:2: moved to heap: p2
*****#9# 0 0 0 18 0 0 0 0 0 #
